Microsoft Windows [Version 10.0.22000.1098]
(c) Microsoft Corporation. All rights reserved.

C:\Users\hung\OneDrive\Desktop\DemonGitHub>git status
On branch master

No commits yet

Untracked files:
  (use "git add <file>..." to include in what will be committed)
        get.ttx.txt

nothing added to commit but untracked files present (use "git add" to track)

C:\Users\hung\OneDrive\Desktop\DemonGitHub>git add .

C:\Users\hung\OneDrive\Desktop\DemonGitHub>git commit -m "Đầu Tiên"
[master (root-commit) f3c4c36] Đầu Tiên
 1 file changed, 0 insertions(+), 0 deletions(-)
 create mode 100644 get.ttx.txt

C:\Users\hung\OneDrive\Desktop\DemonGitHub>git push https://github.com/lph31052003/DemonGitHub.git master
info: please complete authentication in your browser...
Enumerating objects: 3, done.
Counting objects: 100% (3/3), done.
Writing objects: 100% (3/3), 226 bytes | 226.00 KiB/s, done.
Total 3 (delta 0), reused 0 (delta 0), pack-reused 0
To https://github.com/lph31052003/DemonGitHub.git
 * [new branch]      master -> master

C:\Users\hung\OneDrive\Desktop\DemonGitHub>
C:\Users\hung\OneDrive\Desktop\DemonGitHub>